// Jest Snapshot v1, https://goo.gl/fbAQLP

exports[`AboutView.vue matches the snapshot 1`] = `
<div class="home"><img alt="Vue logo" src="">
  <posts-view-stub></posts-view-stub>
</div>
`;
